app/pdf-to-word/page.tsx(69,63): error TS2339: Property 'arrayBuffer' does not exist on type '{}'.
